373700 The Real Housewives Of Melbourne - S03E02 - Old Sparks, New Starts.mp4
373800 Europa3
373900 Изготовление ювелирных украшений.djvu
374000 Tranter, Kirsten - El legado [24261] (r1.0).epub
374100 Game.of.Thrones.S04E03.720p.HDTV.x264-Belex.Dual Audio
374200 Sexquake.XXX.DVDRip.XviD-STARLETS
374300 [ www.UsaBit.com ] - Zombi 2 1979 720p BRRip x264-PLAYNOW.mp4
374400 POTE.2-DeiX.avi
374500 Fundamentals of Physics Extended (10th edition) 2013
374600 The Doors - (1967) The Doors {iMog}
374700 2015.12.08 - Harley - Filthy Fucker.mp4
374800 Булгаков-Зойкина_квартира
374900 IGG-REDCON.rar
373701 Office_Professional_RU.rar
373801 胖胖猴92@第一会所@XRW193AVI
373901 Incredible English 2
374001 Trapt - Headstrong - 2011 (320 kbps)
374101 Legend.2015.BluRay.720p.DD5.1.x264-TNClub.mkv
374201 BetterHomesGardensHomeDesignerSuite8.rar
374301 Lucifer.S02E05.HDTV.x264-LOL[rarbg]
374401 Лето белых медведей.mpg
374501 [ www.torrenting.com ] - Bobs.Burgers.S06E18.XviD-AFG
374601 Demigod
374701 Metro
374801 Acoso [DVDRip][Xvid][ESP]
374901 tight_small_pussy_big-720p.mp4
373702 Stevie Ray Vaughan  Live at Montreux 1982 & 1985 (blues rock)(mp3@320)[rogrtcc][h33t]
373802 174. Robin Hobb - Liveship Traders
373902 Nikola Tesla
374002 supernatural.1104.hdtv-lol.mp4
374102 Goliyon.Ki.Rasleela.Ram.Leela.2013.720p.p.mkv
374202 Amore Tossico
374302 Старый телохранитель (боевик Саммо Хунг 2016г).avi
374402 Между ангелом и бесом...avi
374502 The Flash - Temporada 2 [HDTV 720][Cap.213][AC3 5.1 Español Castellano]
374602 Los.Mercenarios[DVDRip][Castellano](www.TorrentSpain.com).avi
374702 lf2016-04-23.mk41.nolamule.sbefix.flac16
374802 Wale - The Album About Nothing [2015] l Audio l Album Track l 320Kbps l CBR l  Mp3 l sn3h1t87
374902 [Nipponsei] ef - a tale of memories OP Single - euphoric field [ELISA].zip
373703 Supernatural.S11E11.720p.HDTV.X264-DIMENSION[eztv].mkv
373803 A..Aa 2016 Telugu 720p x264 AAC -EXO
373903 1+1.2011.D.HDRip.avi
374003 Jimmy.Kimmel.2016.06.13.Game.Night.The.Cast.of.Finding.Dory.720p.AMBC.WEBRip.AAC2.0.x264-monkee[rarbg]
374103 The americans - 1x13 FINAL (EliteTorrent.net).mp4
374203 Счастливые люди (Дмитрий Васюков) 2008
374303 Гадалка.5 сезон.(01-...).2016.WEB-DL720p.Generalfilm
374403 Belka.i.Strelka.Ozornaja.semejka.2011-2014.DVDRip-AVC_[New-team]_by_AVP_Studio
374503 Fresh.Off.the.Boat.S02E18.720p.HDTV.x264-FLEET[rarbg]
374603 HDD Regenerator 2016 Incl Crack
374703 Voltron.Legendary.Defender.S01.1080p.NF.WEBRip.DD5.1.x264-NTb
374803 Frontier.2016.S01E01.720p.HDTV.x264-KILLERS[eztv].mkv
374903 ERNEST_IN_THE_ARMY
373704 Explanatory 1.51 Repack by Murmanskiy.exe
373804 [Ohys-Raws] K Return of Kings - 13 END (TBS 1280x720 x264 AAC).mp4
373904 POtHS - Audio Bible - Romanian Biblia Traducerea Dumitru Cornilescu - mp3
374004 Andy James
374104 A.Million.Ways.to.Die.in.the.West.2014.DVD5.PAL.kintso_multso
374204 [Queen of VANILLA (千草雀)] PITOU-NYAN × PITOU-NYAN (HUNTER×HUNTER).zip
374304 hodv-21096.mp4
374404 Утешение 2015.avi
374504 Converta mais de 260 medidas.zip
374604 Le.Livre.De.Winnie.L.Ourson.Un Coeur.Gros.Comme.Ca.FRENCH.DVDRiP.XViD-FB
374704 Небесный замок Лапута - Laputa Castle in the Sky (1986-Remastered) DVDRip-AVC.mkv
374804 Doctor Who - Temp.6 [HDTV][Cap.609][Spanish]
374904 Davina And The Vagabonds-2016-Nicollet And Tenth
373705 The.Goldbergs.2013.S03E19.HDTV.x264-KILLERS[ettv]
373805 [nextorrent.com] American.Crime.Story.S01E09.FRENCH.HDTV.XviD-ZT.avi
373905 Schiffsbruch 88
374005 WWE.Smackdown.2016.03.03.HDTV.x264-Ebi.mp4
374105 Devious.Maids.S04E07.720p.HDTV.2CH.x265.HEVC-PSA.mkv
374205 Gorod boga.2100 MB.XviD.2xAC-3.ALC.avi
374305 Dead_Mountaineer_Hotel_2006_RUS_RePack.rar
374405 Police.Academy.Complete.boxet.SWESUB.DVDRip.XviD-Hassman
374505 1st to Die- James Patterson {SPirate}.mobi
374605 Modern Family - The Complete Season 3 [HDTV]
374705 Nerve.2016.RERiP-DRONES.576p.BRRip.x264.AAC-OzZY1
374805 BoJack Horseman - Temporada 1 [HDTV][Cap.111][Español Castellano]
374905 Учим английский с улыбкой. 280 мини-уроков.pdf
373706 Fantasy_Mosaics_10_Time_Travel_FiNAL.exe
373806 Ask tesadufleri sever (www.kinokopilka.tv)
373906 (成年コミック) [雑誌] COMIC LO 2016年04月号[DL版].zip
374006 (Pink Puncher)One Love~淫亂教師~飯島夏希(PB-078)@oldman原創DVD
374106 Johnson_Jean-The_Mage.epub
374206 20150924 eZNSaePjenU Continents are Dumb
374306 Type O Negative - October Rust [Vinyl,2011,Hugh2112,FLAC.24.96]
374406 Crimson Peak 2015 HDTS2DVD NTSC  DD5.1 NLSUbs burned 2LT
374506 EBOD-512.avi
374606 Simon and Garfunkel - The Concert in Central Park
374706 MILF Hunter 37
374806 The Fury of Firestorm 014 (2013) (Digital) (Nahga-Empire)(- Nem -).cbr
374906 해피 선데이 - 1박2일.E575.160207.HDTV.H264.720p-WITH.mp4
373707 208.sethigh Celia .wmv
373807 VideoHive - Minimal Titles Pack
373907 Intronaut - Habitual Levitations (2013)
374007 Nirvana-Bleach-(Deluxe_Edition)-2009-FNT
374107 0304-snis109
374207 368.avi
374307 Russell.Madness.2015.SWESUB.720p.BRRip.x264.SW3SU8.mp4
374407 Pretty.Little.Liars.S02E12.PROPER.HDTV.XviD-ASAP.avi
374507 [Underwater-Commie] Astarotte no Omocha! - 03 (720p) [3583F7FE].mkv
374607 4Media Video Converter Ultimate 7.8.12 Build 20151119 Multilingual + Crack
374707 © 1971 Мария Пахоменко (mono 33Д 031555 AT-OC9III CAB+)
374807 Cowboys & Aliens.(2011).BDRip.1080p.[denis100].mkv
374907 The Legend of Dragoon
373708 Training Day
373808 Der.Liebesschuler.1974.DVDRip.XviD.5rFF.avi
373908 (一本道)さくら林檎~~グラドル vol.022 １泊２日のアブナイ旅
374008 Young Debutantes - #13
374108 Grimm.S05E18.720p.HDTV.x264-AVS
374208 soset penis v podyezde.avi
374308 Vulfpeck - Fugue State FLAC
374408 Real.Ex.Girlfriends.-.Lela.Star
374508 It-s huge.avi
374608 Tom Sawyer and Huckleberry Finn 2014 HDRip x264 AAC-CPG
374708 Linux Administration - A Beginner's Guide (6th Edition) - Wale Soyinka.pdf
374808 The.Harvest.2013.BDRip.XviD-WAR
374908 Литургия часов. Четырехнедельная псалтирь. Основные праздники - 1995
373709 _Public_Agent__10_14_2016_Nicole_Love__Perfect_Boobs_Flashed_in_Public__HD_720p.mp4
373809 How.I.Met.Your.Mother.S09E01.WEB-DL.XviD..DualAudio.avi
373909 Kosmicheskij_dozor_Epizod_1_BDRip
374009 Mimic.3.2003.720p.BluRay.x264-SADPANDA[rarbg]
374109 Noviy.Comedy.Club.(efir.08.05.2014).WEBRip.S!nkr0mE.avi
374209 Scandal.S03E09.Yolo.1080p.WEB-DL.DD5.1.H.264-ECI [PublicHD]
374309 Druzya.Oushena.Trilogiya.2001-2007.XviD.DVDRip.BestVideo
374409 Eddie Reynolds y los angeles de acero (microHD) (EliteTorrent.net).mkv
374509 Big Brothers All Stars.27.11.2014.mpg
374609 Tora-Tora Platinum Vol.35 - Haruka Sanada
374709 Yosuga no Sora [BD-HDHWP]
374809 IBW-377
374909 me_and_you_ande_veryone_we_know_[tfile.ru]
373710 Auslogics BoostSpeed 9.0.0.0 DC 24.06.2016 RePack (& Portable) by elchupacabra.exe
373810 WHJGSOrch2014.05.22FLAC16bit
373910 Rendell, Ruth - [Inspector Wexford 19] Perdidos en la noche [23306] (r1.0).epub
374010 Вокзал для двоих DVD5
374110 We Were So Turned On - A Tribute To David Bowie
374210 SkypePortable
374310 MyDirtyMaid - Abby Lee Brazil (Brazilian maid undressed and fucked) Full HD 1080p.mp4
374410 010 森野雫
374510 Corpse.Bride.720p.[element-team].mkv
374610 [Nipponsei] Myself Yourself ED Single - Kimi to Yozora to Sakamichi to [Itou Kanako].zip
374710 Golubaja.strela.1958.DVDRip.745.FilmRus.avi
374810 Эльдар Гузаиров - 5 секретов успешного канала на YouTube [2014, RUS]
374910 StandaloneLinuxUniversal_189_190.sotapatch
373711 Wood Мастер
373811 Бабай (www.kinоkopilka.tv)
373911 Claymore
374011 ДиДюЛя
374111 [ Yuma ] Freezing Vibration - 11 [10bit] [720p] [Sub-Spanish].mkv
374211 Medal_of_Honor_Heroes_USA_PSP-pSyPSP
374311 Spy2Wc - Russian Kaviar.avi
374411 The Hunger Games.rar
374511 Den.pobedi.2.Plan.Stalina.2008.PC
374611 SetupIncredible_Dracula_Chasing_LoveCE.exe
374711 Жилевска. Полный курс кройки и шитья. Моделирование женской одежды для начинающих.pdf
374811 Pitch.S01E03.HDTV.XviD-FUM.avi
374911 Registry First Aid Platinum 9.2.0 build 2191 (crack RmK) [ChingLiu]
373712 Percy Jackson and the Olympians The Lightning Thief (2010 Movie) DVDRip [Full Movie] XviD-SANTi
373812 Big_butt_slut_Any_Black_Fox_returned_to_LP_to_get_DAP_ed_SZ831_1.mp4
373912 Living Vegan for Dummies.pdf
374012 [EvilAngel] Marsha May - New Anal Recruits [XXX]
374112 [tvN] 치즈인더트랩.E01.160104.HDTV.XviD-WITH.avi
374212 Ghost.Dog.The.Way.of.the.Samurai.1999.BDRip.x264.2xRus.Eng.mkv
374312 sb24.pdf
374412 TMNT_[tfile.ru].cso
374512 Steve Case - The Third Wave
374612 Jodi Taylor - Sister's Slut Training
374712 Sojuzmultfilm.Zolotoj.Fond.Vypusk.2.1948-1954.XviD.DVDRip
374812 Mendoza, Eduardo - El ultimo trayecto de Horacio Dos [11638] (r1.2).epub
374912 Pope4iteli.(2-e.serii.iz.2).1982.XviD.SATRip_2.18
373713 First of the summer wine
373813 Больница - The Hospital [Rip by Ledy_X].avi
373913 Sardaar Gabbar Singh (2016) 720p HDRip x264 [Dual Audio] [Hindi (Cleaned) 2.0 - Telugu 2.0] Exclusive By -=!Dr.STAR!=-
374013 Стрела. Третий сезон
374113 BF-365
374213 Redondo, Dolores - [Trilogia del Baztan 01] El guardian invisible [589] (r1.8 Arnaut).epub
374313 Zoo.S02E06.720p.HDTV.X264-DIMENSION[rarbg]
374413 Men.of.Valor-GOG
374513 Stevie Nicks Live
374613 mum-027.wmv
374713 J.G.PG.Porn.s01.WebRip.rus.eng.neo-sound.avi
374813 (COMIC1鈽_) [Nama Cream Biyori (Nanase Meruchi)] Zettai Camera Mesen Kanojo (Love Plus) [Chinese].zip
374913 Francesco Recami - L uomo con la valigia
373714 Stoian Mihalev i Viktor - Malka i jestoka (2002) CDRip MP3 320kbps
373814 Ordinary.World.2016.720p.WEB-DL.x264 - WeTv
373914 RealityJunkies Corrupt Schoolgirls Elsa Jean 720p HEVC x265 piemonster.mkv
374014 GUIDE-DES-MOUVEMENTS-DE-MUSCULATION.pdf
374114 House.of.Cards.S02E04.HDTV.Subtitulado.Esp.SC.avi
374214 Castle.2009.S08E05.HDTV.x264-2HD[ettv]
374314 Olesya Photos
374414 the.middle.721.hdtv-lol.mkv
374514 [安吉丽娜·朱莉][原罪][未删减珍藏DVD版]
374614 Medlen1y.z4pad.2015.L2.WEBRip.avi
374714 Preppers.U.K.Surviving.Armageddon.avi
374814 The Power of Understanding People
374914 John Coltrane - Blue Train (1957) [Jazz][mp3 320][h33t][schon55]
373715 AUKG-144_1.wmv
373815 Re Zero Seikatsu v01-06 webpage.rar
373915 Cozy Magnifier & Microscope
374015 ihwlelalevi_mobile.mp4
374115 BBC.DAP.with.Dream.Nikky.DP.MONSTER.GAPES.DAP.DEEPTHROAT.5.FACIALS..What.a.fucking.gape.GIO270
374215 Acronis True Image 2014 Build 6688 Premium iSO-rG
374315 Game.of.Thrones.S05E07.720p.HDTV.x264-SNEAkY
374415 [银河追缉令]Galaxy.Quest.1999.BluRay.720p.x264.AAC-iSCG
374515 Varttina - Viena (2015)
374615 Arrow.S04E20.720p.HDTV.X264-DIMENSION[ettv]
374715 Гюнтер Грасс - Сочинения
374815 Paradise Love Squad feat. Oli. P – Eivissa (Maxi-Single) - 1998
374915 Archer.2009.S05E11.Palace.Intrigue.Part.2.1080p.WEB-DL.DD5.1.H.264-iT00NZ [PublicHD]
373716 4_CDs - Chanukah_and_More_Jewish_Music
373816 Gulkina
373916 La verdad (microHD) (EliteTorrent.net).mkv
374016 Dreamcatcher.mkv
374116 The Divergent Series Allegiant 2016 BluRay x264 HD-EVO
374216 Witches Legacy 6 - The Dark Throne CE [ASG]
374316 Cherry Torn And Anna Tyler 720.mp4
374416 Silent Witness - Protection (Part 1) - S18E05 - 720p WEBRiP - EpH.mp4
374516 Beethoven - Complete String Quartets
374616 [ANIME]Ore Monogatari!! [RG VGW]
374716 ScnRec.msi
374816 Kak_trusliviy_Robert_Ford_ubil_Jessy_Jeymsa.avi
374916 СЕРИЯ.Ричард_Длинные_Руки
373717 Кваша - Теория войн
373817 Comedoz - Время. Переиздание (2014)
373917 Blackish.S03E06.HDTV.x264-FLEET[GloDLS]
374017 tvg-wetter-20150425
374117 Coelho Sabido Maternal.rar
374217 The.Bachelor.S19E01.720p.WEBRip.AAC2.0.x264-BTN.mkv
374317 Jonathan Auxier
374417 Большая книга узлов. Рыбацкие, охотничьи, морские, туристские, альпинистские, бытовые.fb2
374517 Ek Villain (2014) Bluray 720p nHD X264 AAC E-SUB  xRG
374617 Jane.The.Virgin.S01E16.720p.HDTV.X264-DIMENSION[brassetv]
374717 Dobro.Pojalovat.ili.Postoronnim.Vhod.Vospreshen.1964.XviD.DVDRip.avi
374817 The Man in the High Castle. Season 1 (WEB-DL l 720p l Jaskier)
374917 VivThomas.com_14.03.27.Suzie.Carina.Tracy.Lindsay.Intimacy.2.BTS.Part.1.XXX.iMAGESET-P4L[rarbg]
373718 Gyllene Tider - Konstpaus
373818 Corel Painter 12
373918 khishniki_[tfile.ru]
374018 ГуляйПоле_Бродяга
374118 Any.Given.Sunday.1999.hdrip-avc.dexter_lex.mkv
374218 MePTBe41Ha.2015.L2.HDRip.2100MB.avi
374318 Anna.Nicole.2013.CUSTOM.DVDRip.x264.HUN-SLN
374418 Skånska BROGRENS
374518 The Lie by Karina Halle
374618 Pour me comprendre (Rétrospective 2 CD) By Michel Berger [2015 - MP3 - 320Kbps] [NEW ALBUM].zip
374718 Ghost.Whisperer.S04E09.HDTV.XviD-NoTV.[VTV].avi
374818 [Ohys-Raws] Haikyuu!! Karasuno Koukou vs Shiratorizawa Gakuen Koukou - 01 (TBS 1280x720 x264 AAC).mp4
374918 Xroniki.Narnii.2008-2010.HDRip-AVC.H.264.2,18 Gb.RG.Films
373719 [DeadFish] Log Horizon - 20 [720p][AAC].mp4
373819 wowporn.momoko.forget.about.everything.sd.mp4
373919 Kazanova Dzhakomo - Istorija moej zhizni[torrents.ru]
374019 Mall Grab - Sun Ra EP (2016)
374119 Lake.Eerie.2016.BDRip.x264-VoMiT[PRiME]
374219 The.Revenant.2015.DVDScreener.x264.mkv
374319 Hardcore.Henry.2016.HC.720p.HDRip.X264.AC3-EVO[VR56]
374419 Физиология спорта и двигательной активности.pdf
374519 SamDrivers_2016_Full.iso
374619 Blindspot.S01E11.HDTV.x264-LOL
374719 Космические Рейнджеры 2  Революция [RePack от R.G. ExGames].iso
374819 Spin.The.Bottle.English.XXX.DVDRip.XviD-WwW.Torrentesx.CoM
374919 Koreless - Yugen (2013) (EP) [MP3 320]
373720 (C89) [Wakuwaku Doubutsuen (Tennouji Kitsune)] blue snow blue scene.18 [English] {Mant}
373820 [ www.Torrenting.com ] - Double.Impact.1991.INTERNAL.DVDRIP.XVID-UbM
373920 Eureka.S04E01.Founders.Day.HDTV.XviD-FQM.avi
374020 Dressed - Undressed.zip
374120 Scary Movie 3.m4v
374220 ПРОЦВЕТАНИЕ- Как это сделать на Земле  (полная версия).mp4
374320 I Have a Wife - Sarah Vandella (Naughty America)_480p.mp4
374420 Elementary.S04E09.WEB-DL.x264-RARBG
374520 Rosomaha.Bessmertnyj.2013_rv_HDRip_[scarabey.org].avi
374620 My.Very.First.Time.Natashas.First.Scene.and.Threesome.XXX.KTR.BTY.mp4
374720 [BigTitsAtWork] Valentina Nappi (All Natural Intern - 20.10.2016) r12q (2k).mp4
374820 Hustler.com.12.02.23.Snow.Bottoms.Nina.Stevens.XXX.WMV-MiFuC
374920 RaspLatta.2O16.D.TS.14OOMB[mgt].avi
373721 The.Americans.2013.S03E10.720p.HDTV.x264-KILLERS [GloDLS]
373821 Ж.-Ж. Руссо. Эмиль, или о воспитании (1912).pdf
373921 New Girl S06E02 2016 HDTV x264 - LOL
374021 Вестник первопоходника
374121 CosplayBabes.15.11.06.Molly.Dae.Lisanna.In.Edolas.XXX.1080p.MP4-KTR
374221 Vostok-zapad.2016.SATRip.Files-x
374321 EW.QL.Symphonic.Orchestra.Gold.Edition.VSTI.DXI.RTAS.AU.DVDR.04-DELIRIUM
374421 Varkraft.2016.D.BDRip.1.46Gb_ExKinoRay_by_Twi7ter.avi
374521 [얼티메이트] [150325] TVアニメ「東京喰種」オリジナルサウンドトラック (320K)
374621 Laleh - Kristaller   2016
374721 KTDS-769
374821 malwarebytes-antimalware-premium-2201024-repa
374921 Hannibal Ruff Stuff 14
373722 Grand.Theft.Auto.V.Update.2.and.Crack-3DM
373822 Люцифер (2 сезон)
373922 Portable RealPlayer Plus v15.0.5.109
374022 300[MKV.AC3.HDRip][Torrentmas.com]
374122 Чириков К.Ю. - Необычные двигатели - 1976.pdf
374222 Centoxcento -  Tanti Anni di Cazzi e non Sono Stanche
374322 CCleaner All Editions 5.17.5590 Retail -=Kazam-Atuia=
374422 MiniTool Partition Wizard Free v9.0 RePack by WYLEK
374522 Max Richter - Infra - 2010
374622 2014 GYM Session 2 (JPRO MIX).mp3
374722 faq.09.09.03.angelina.wmv
374822 SC-P_VVV.iso
374922 Mir_YP_2015_HDRip_[scarabey.org].avi
373723 [Nagomi no Ame] Inmai Seikatsu.zip
373823 Преступник.2016.D.TC.avi
373923 13.Hours.The.Secret.Soldiers.of.Benghazi.2016.720p.BRRip.HEVC.999MB.MkvCage.mkv
374023 gachinco-gachi698-HD
374123 Mashou no Kao (魔性の貌[かお] UNCEN)
374223 AbrahamLincolnLinkinPark.mkv
374323 (C79) (同人誌) [丸田道場 (MARUTA)] 中多さんがフカフカすぎて生きるのがツライorz (アマガミ).zip
374423 Alice.Through.the.Looking.Glass.2016.1080p.BluRay.REMUX.AVC.DTS-HD.MA.7.1-FGT
374523 Smertelnaya.gonka.2008.x264.BDRip.(AVC).0ptimus.mkv
374623 Строим баню своими руками
374723 A State Of Trance 2016 (Mixed by Armin Van Buuren)[2016]
374823 ESET.NOD32.Business.Edition.4.0.437.Final.[Spanish].[www.DivxTotaL.com]
374923 Ariana Grande -- My Everything (Deluxe) 2014.Pop
373724 DoCHka.KeaNu.2O16.P.HDRip.14OOMB.avi
373824 American.Experience.S13E07.Abraham.and.Mary.Lincoln.A.House.Divided.Ambition.HDTV.XviD-FQ.avi
373924 Red Raven (Molly Cavalli, Raven Bay) 2012-08-20.mp4
374024 Forsaken World Nightfall - The Best
374124 Toyota.Prius.2007.SIL.rar
374224 Mortal Kombat X Proper-RELOADED
374324 Stuart Little 3 Call of the Wild.2005.DvdRip.XviD.Dub PL
374424 嘻哈帝国.Empire.S03E03.中英字幕.HDTVrip.1024X576.mp4
374524 sophiaknight005hd_wm_1080.wmv
374624 Finding Nemo.avi
374724 Dragon Ball
374824 Bach - Easter Oratorio-Magnificat (McCreesh)(2001) - [EAC+FLAC+CUE]
374924 Lungta - Конь ветра
373725 0749455837_Organise.pdf
373825 Romeo Debe Morir 2000 [BRrip X264 MKV][Castellano]
373925 Badal 2000 Hindi 720 DvDRip x264 AC3...Hon3y
374025 Transformers.Age.of.Extinction.2014.IMAX.Edition.720p.BluRay.DD5.1.x264-Talian-.mkv
374125 Tiesto - Club Life 346 (17.11.2013)
374225 Малкольм в центре внимания
374325 TWD (Season 07) FOX 1080
374425 108493-0_9_12_replaysmanager_3_0_0_-_build.zip
374525 John Daulton - Galactic Mage 1 -The Galactic Mage
374625 The.Newsroom.2012.S03E02.HDTV.x264-KILLERS.mp4
374725 Despicable Me 2 480p ac3 pl 2013
374825 The.Martian.2015.1080p.BluRay.x264.DTS-SODiHD
374925 Aquarion Logos [ТВ-3] 14 серия русская озвучка Skim  Акварион Логос 3 сезон 14 серия.mkv
373726 Chance.s01e03.WEBDLRip.NewStudio.TV.avi
373826 Yana Kay - Loveland (Album)
373926 Vremya.2011.DVDRip.x264.potroks.mkv
374026 The.Big.Bang.Theory.S08.Kuraj-Bambey
374126 Obed.Nagishom.1991.BDRip.XviD.AC3.-Burton
374226 04.Hello_Kitty-El.gato.con.bota [DVDRip][Spanish][www.lokotorrents.com]
374326 กล่อมขอเอาพี่สะใภ้.mp4
374426 Dexter.S05E10.720p.HDTV.x264-IMMERSE
374526 Массажистка.avi
374626 Список Шиндлера
374726 WinRAR 5.10 Beta 4 (x86 x64) + Keygen-FFF
374826 Eastbound and Down S03 (Hamster)
374926 Teen.Titans.Go.S03E03b.Im.the.Sauce.1080p.WEB-DL.AAC2.0.H.264-YFN
373727 VA - Музыкальный киоск 70-80х (2013) MP3
373827 Crazy.Beautiful.2001.SWESUB.DVDRip.XviD-Sabelma
373927 MDB-690
374027 [FileTracker.pl] 110% 2016 [HDTV.XviD-KRT] [Film Polski]
374127 Nero 2014 15.0.03400 Lite RePack by MKN.exe
374227 Stephens.Kings.Thinner.1996.1080p.BluRay.x264-MOOVEE
374327 NubileFilms.15.05.31.Sophie.Lynx.Cum.Shower.XXX.SD.MP4.DV3
374427 [FSX] - FWI - L.F. Wade International Airport TXKF (Scene)
374527 Miracles.from.Heaven.2016.720p.BDRip.LATiNO.ENG.XviD.AC3.SBT
374627 Windows XP Pro VL SP3 (5.1.2600) quantum (x86) [2013, RU].iso
374727 Transformers Prime Beast Hunters - Predacons Rising [BDRip-720p] (www.kinokopilka.tv)
374827 15-Frozen Shoulder
374927 0719_DPHD-015.mp4
373728 Assassin’s Creed
373828 Napalm.Death-Utopia.Banished(Remastered.Digipak.with.Bonus.Tracks)2012.MP3.320kbps - SMG
373928 Oriental Empires (2016)
374028 Страна ОЗ 2015 WEB-DL 1080p.mkv
374128 Zvezda.2002.RUS.BDRip.XviD.AC3.-HQCLUB.avi
374228 Tian jiang xiong shi (www.kinokopilka.tv)
374328 Wondershare Video Editor 5.1.3 (2015)-FRANK
374428 Pixels.2015.720p.HDRip.X264.AC3-EVO
374528 Лесоповал - Коллекция легендарных песен (2009)
374628 double_dose_big-720.mp4
374728 Aventure.Malgache.1944.720p.BluRay.x264-PublicHD
374828 Свидетельница убийства - Eyewitness to Murder 1989.avi
374928 Vertigo (1958)
373729 FutileStruggles.Monicas.Test-Part.2.XXX.720p.seXyXpiXels.wmv
373829 Teencats
373929 Бойтесь ходячих мертвецов (сезон 2) Fear the Walking Dead (2016) WEB-DLRip - AMC
374029 Ted.2012.BDRip.XviD.HUN-HCN
374129 [FOW-007]Scarlet_Nights_Ep_01.mp4
374229 The.Monster.2016.HDRip.x264.AC3-iFT[PRiME]
374329 Big White Tits and Large Black Dicks 5 NEW
374429 The.Last.Kiss.2006_HDRip__[scarabey.org].avi
374529 Poldark.S02E01.1080p.HDTV.x264-MORiTZ
374629 The.Blacklist.S03E07.720p.HDTV.x264-0SEC
374729 Other Bands Play, Nanowar Gay!
374829 Bugs Henderson and the Shufflekings - American Music (1988)
374929 Angelina Castro-Latina Big Ass
373730 [www.Cpasbien.me] Two.and.a.Half.Men.S10E04.FRENCH.LD.DVDRip.XviD-MiND
373830 Sims 3 Store
373930 Alisa.V.Strane.Chudes.2010.DUAL.BDRip-AVC.AC3.-Demon2901.mkv
374030 Devjat'.2009.BDRip.m4v
374130 SA - 2013-06-04 - Conny Carter - Sunny Morning
374230 Серия - Колдовские Миры
374330 I.Hear.Your.Voice.E03.130612.HDTV.XviD-KOR.avi
374430 RealSlutParty - Lexa James and Alexia Stone
374530 Into the chaos
374630 All Avast Antiviruses Products 2013 Permanent Activator Valid Until 2050 Serial Keys
374730 BBC.Genghis.Khan.720p.HDTV.x264.AAC.MVGroup.org.mkv
374830 Jimmy Eat World - Bleed American (Second Version)
374930 Unreal Tournament
373731 Adobe Acrobat Professional​ Extended 9.2 Russian
373831 Björk
373931 Rotterdam Records Classics
374031 Vinyl.S01E01.720p.HDTV.x264-KILLERS
374131 Son.of.a.Gun.2014.BRRip.XviD.AC3-EVO
374231 Viscera_Cleanup_Detail_v1.075
374331 Games World of Puzzles - Words from the Stars (August 2015) (True PDF)
374431 네트워크 특선.160125.남도의 보물 100선 2부.HDTV.XviD-Unknown.avi
374531 BBC Ingenious Animals 2 of 4 - Relationships CC HDTV x264 AC3 1080p.mkv
374631 Wax Tailor
374731 Chiuma.90.2015.HDTVRip.Files-x
374831 Lady Demon 003 (2015) (3 covers) (Digital) (DR & Quinch-Empire).cbr
374931 Duke Nukem 3D - 20th Anniversary World Tour [FitGirl Repacks]
373732 The Trevor Nelson Collection (2013)
373832 [AgusiQ-Torrents.pl] Zjawa
373932 Payner Folk Collection 8(2010)
374032 NVIDIA GeForce Experience 3.0.6.48.exe
374132 Harry Potter_[nnm-club]
374232 PureMature - Nikki Capone (Summer Heat) NEW 06 November 2016
374332 Fifty-Fifty.1982.Norsk tale.Xvid.Saga
374432 Книжная серия Исторический роман Издательства Эксмо
374532 KVN.2014.Premier.(07).2.1-2.www.kvnforall.info.avi
374632 ANNO 1701: Gold Edition [Mac] [Wineskin]
374732 IDA.Pro.Advanced.v5.5.incl.Hex.Rays.Decompiler.v1.1-iND
374832 [nextorrent.net] Outcast.S01E02.FRENCH.HDTV.XviD-ZT.avi
374932 Good.Kids.2016.WEB-DL.x264-FGT
373733 47968_01_big.mp4
373833 Mental Floss - November - December 2016 - True PDF.pdf
373933 Frontier.2016.S01E01.HDTV.x264-KILLERS[eztv].mkv
374033 10mu-010916_01-1080p.mp4
374133 (Michiking) Ane Taiken Shuukan SP [누나 체험 주간 SP].zip
374233 Hidden Vibes Netlabel
374333 BlueStacks HD App Player Pro 2.5.4.8001 Offline Rooted
374433 Las.Reglas.Del.Juego.2x09.HDTV.XviD.[www.DivxTotaL.com].avi
374533 Забытый Разговор
374633 www.torrenting.com - Supernatural.S12E02.1080p.HEVC.x265-MeGusta
374733 Sbornik_Tov_Znanie
374833 Extraction (HDRip) (EliteTorrent.net).avi
374933 po_sledam_pifagora_[tfile.ru].djvu
373734 Fresh.Off.the.Boat.S02E22.HDTV.x264-FLEET[eztv].mkv
373834 [Waifu Fansub] Prison School Vol.5 VOSTFR BD'FHD
373934 ZheniX.2016.WEB-DLRip-AVC.[mgt.kz].mkv
374034 Cave
374134 Ariely, Dan - Por que mentimos, en especial a nosotros mismos [25440] (r1.0).epub
374234 Goliath.S01E06.720p.WEBRip.X264-DEFLATE[rarbg]
374334 Adobe Photoshop Lightroom CC 2015 (6.4)
374434 Мир математики
374534 The Manual- What Women Want - W. Anton [Epub & Mobi] [StormRG]
374634 ►►RTP-073◄◄ 「転校生は黒人（*゜ロ゜）ハッ！！」私たちのクラスに来た転校生はまさかの黒人.avi
374734 On The Road (2012) [1080p]
374834 DCs.Legends.of.Tomorrow.02E04.720p.WEB-DL.325MB.MkvCage.mkv
374934 {BigFish}Island Realms[H33T][Cybertek]
373735 [DerpDesuYo] Owari no Seraph - 12v0 (1280x720 10bit AAC) [C3712E29].mkv
373835 Pointer Sisters - Collection (12 Albums) FLAC
373935 TecDocVirtual3.2015
374035 Guess.Who.2005.DVDRip.XviD.BGAUDiO-SiSO
374135 MomXXX.15.06.01.Nikky.And.Anabelle.Ill.Be.Gentle.XXX.1080p.MP4.KTR
374235 MIAD-692
374335 Iskustvo shemotehniki. v 3 tomah
374435 Тэсс.avi
374535 Bunny Black Dilogy 2010-2016_Repack by ARMENIAC
374635 Parked.2010.DVDRip.avi
374735 Nik Software - Color Efex Pro 3.110.zip
374835 ロケみつ - 桜・稲垣早希の関西縦断ブログ旅 2 パンダの巻(VOB) Part.1
374935 Hotel California (2008) DvdRip [Xvid] {1337x}-X.avi
373736 Bulanov_Pitanie_myishts.fb2
373836 第一會所新片@SIS001@(MOODYZ)(MIGD-645)潮吹き美少女2穴OK生中出しソープ_初美沙希
373936 PowerISO 6.5 RePack by KpoJIuK
374036 Blindspot.S01E16.WEB-DL.Sub.ITA.ENG.x264-Pelle.mkv
374136 Ruby in a Nutshell by Yukihiro Matsumoto(pradyutvam2).pdf
374236 Игра_престолов_6_сезон_Lost__[scarabey.org]
374336 Nafaka.2006.SLOSubs.DVDRip.XviD
374436 367928b89f9f7c437dd3f361e1d7bd5c64c2ba329304a501a86f41658502d942.ccm
374536 [T-N]Garo
374636 16176_88737_1280x720_3000k.mp4
374736 Voina.i.mir
374836 Larmar och gör sig till (Ingmar Bergman, 1997)DVDRip.Swe
374936 Museo Coconut - Temp.1 [DSRRIP][Cap.101][Spanish]
373737 Reasonable Doubt 2014 STV FRENCH DVDRiP XviD.AC3-FUZION.avi
373837 WinRAR 3.80 (Final) Español + Crack Por Pirata of Spain.rar
373937 PornStars Debut - Valentina Nappi.m4v
374037 Emsisoft Anti-Malware  9.0.0.5066 Final+Trial resetter~~
374137 BangBus.BangBros.Nikki.Kay.She.s.all.about.Her.Money
374237 DirtyMasseur: Capri Cavanni (A Killer Massage for Capri) XXX [264]
374337 Alone in the Dark Illumination [RePack].iso
374437 China Blue XXX [DVDRIP][Asian-Teens][www.lokotorrents.com]
374537 dragon_ball_ttt_[tfile.ru]
374637 Lucifer - 1x02 (EliteTorrent.net).mp4
374737 Lost.S06E17.Part.1.HDTV.Subtitulado.Esp.SC.avi
374837 Tiburon 3D La presa (DVDRip) (EliteTorrent.net).avi
374937 [R.G. Mechanics] Driver - San Francisco
373738 Denver Broncos - Houston Texans 24.10.16.mkv
373838 Responsive Web Design with AngularJS [PDF][StormRG]
373938 сидрИрози
374038 The.Angry.Birds.Movie.2016.Read.The.Nfo.HDRip.AC3.XviD-NUKU
374138 Xilisoft Video Converter Ultimate v7.7.2.20130217 With KeyGen
374238 Tendryakov_V_-_Apostolskaya_komandirovka_(Sushkov_V)
374338 ВИА Пламя - Звёздная серия
374438 Savana Blue - Breastfest In Bed.mp4
374538 KAWD-668.avi
374638 SATURDAY SPECIAL FROM YOUNG LIBERTINES-AWESOME TEENER-SILVERDUST.wmv
374738 (COMIC1☆7) [じぇのばけーき (たかやKi)] メチャしこ天使で筆下ろサマー (中二病でも恋がしたい！).zip
374838 #_ipz289
374938 Worms Anthology
373739 Horny.Lesbians.At.Work.XXX.WEBRiP.x264-TBP[rarbg]
373839 Dr.Rintaro.720p.HDTV.x264.AAC-DoA 2
373939 The Everything Giant Book of Juicing Includes Vegetable Super Juice Blueberry Citrus Juice and hundreds more
374039 Reckless.US.S01E06.HDTV.x264-LOL.mp4
374139 Ляпис Трубецкой
374239 Суть Времени - Библиотека
374339 Шалыгин. Стальная бабочка.fb2
374439 Little Fockers.[NoLimits-Team].mkv
374539 새 폴더 (2).zip
374639 SexArt - Taissia A, Zena Little (Disclosure) 11.04.16 720p
374739 Take The Money And Run 
374839 Tonnenschwerer Orgasmus!.avi
374939 cc.15.11.13.tereza.3120.4k.mp4
373740 Bang Bus: Oh my Karla - Karla Kush.mp4
373840 정글의 법칙 in 뉴칼레도니아.E228.160826.360p-NEXT.mp4
373940 Cool Reader 3.3.61 Portable
374040 Holodnoe.serdce.2013.WEB-DLRip.1400MB.avi
374140 [YASKA] 凌辱鬼.zip
374240 William Allen - Walking in the Rain 01 - Surviving the Fall
374340 On.Drakon.2015.RUS.BDRip.720p.-HELLYWOOD.mkv
374440 Sexi Girls (Part 664)
374540 KS01LTE_KOR_KTT_32G.pit
374640 OST - Suicide Squad [The Album] (2016)
374740 Vivaldi. L'estro armonico (I Solisti Italiani)
374840 RealVNC Enterprise Edition 5.1.0
374940 Rihanna Discography (8 Japan Albums)
373741 Hands Like Houses - reimagine
373841 abs147
373941 Frederik.Chopen.Fortepiannyi.koncert.v.Varshave.2010.XviD.DVDRip.(HDRip)_Kinozal.TV.avi
374041 Me.and.Earl.and.the.Dying.Girl.2015.WEB-DL.720p.mkv
374141 PBS.Nature.2016.Animal.Reunions.1080p.HDTV.x264.AAC.MVGroup.org.mkv
374241 MICROSOFT.OFFICE.2010.SINGLE.LANGUAGE.PACK.RTM.X86-64.DVD.RUSSIAN-WZT
374341 Braindead.S01E10.720p.HDTV.X264-DIMENSION[ettv]
374441 [ www.Speed.cd ] -Doctor.Who.Extra.S01E11.Dark.Water.720p.Webrip.x264-C4TV
374541 Vina Caitlin - Horny New Agent Loves Stud's Cock 1080.mp4
374641 Cyrus.2010.1080p.BluRay.H264.AAC-RARBG
374741 Hawaii Five-O S01E14 - NL Subs - StRaLa
374841 The.Terminal.2004.720p.BluRay.x264.DD5.1.RoSubbed-playHD
374941 Blondie
373742 Lesley-Ann Jones - Mercury; An Intimate Biography of Freddie Mercury [Audiobook]
373842 B3L0M.2016.P.WEB-DLRip.avi
373942 Lejonkungen.2.Simbas.Skatt.1998.iNTERNAL.SWEDiSH.DVDRip.XviD-iLS
374042 sakamoto
374142 AssholeFever.16.06.25.Cindy.Loarn.A.Gaping.Double.Ass-Fuck.XXX.1080p.MP4-KTR[rarbg]
374242 Смертельный улов s12 HitWay
374342 Ostansya.2005.Dvd.9
374442 没有胸但口活好屁股大黑人照样干.mp4
374542 Чистильщик.2007.BDRip.1080p.Rus.Eng.mkv
374642 JDXO-56672 – 団鬼六 美人妻.rar
374742 AIDA64 Extreme_Engineer_Business_Network Audit 5.60.3700 Final RePack (& portable) by elchupakabra.exe
374842 Narushaya.zaprety.2000.XviD.BDRip.avi
374942 PassionHD.Alexis.Adams.Soft.Touch.11.05.16
373743 Nubiles-Porn.16.05.07.Kymberlee.Ann.Amateur.Sex.Tape.XXX.1080p.MP4-KTR
373843 Goosebumps.The.Game.ZEKE.exe
373943 Biomass Conversion Technology - Principles and Practice - M. Moo-Young (Pergamon, 1987).pdf
374043 Manuel Creampies Their Asses 4 (480p)
374143 Korycińska E. - Hiszpański na poziomie. Kurs dla średnio-zaawansowanych i zaawansowanych (mp3).rar
374243 Gibbscam_2016_11.3.0.0_Win64-SSQ
374343 seventh.son.2014.flv
374443 Pasion de gavilanes 16-BG.avi
374543 Blind Melon-8 cd-
374643 Kadhalum Kadanthu Pogum (2016)
374743 Zvesdnye.Vojny2.HDRip.Lesnik125
374843 Last Call Messiahs - Sermons Of Debauchery - 2016
374943 Dr. Strangelove or How I Learned to Stop Worrying and Love the Bomb [1964].avi
373744 Orangereya 4-th Season (N-Radio)
373844 mvft.brooks.logan.first.anal.30.06.15._720.mp4
373944 Corel.PaintShop.Photo.Pro.X4.v14.2.0.1.SP2.mundomanuales.com.rar
374044 Orbasoft Utilities 5.4.2
374144 garmin
374244 Единственная женщина на свете
374344 [Penthouse] Ava Dalush - Eating her bushy pussy out (05.10.2016) rq.mp4
374444 MIDE003 No Brassiere Life of Big Breasts Wife
374544 Cannon_Fodder_2_ISO-14623.rar
374644 [JTBC] 김제동의 톡투유.E80.161113.720p-NEXT.mp4
374744 Busanhaeng.2O16.WEBRip.avi
374844 Edita Loves Anal 18xgirls.com.mp4
374944  Need For Extreme Online Driving Game Free Flash game 2016    - -.
373745 0426-en-preview-v01-north-island-new-zealand-bike.wmv
373845 Win2k_PRO_SP4_ENG.iso
373945 Brooklyn.Nine-Nine.S03E13.720p.WEB-DL.DD5.1.H264-RARBG[rarbg]
374045 Bronze Nazareth
374145 Lubed - Peyton Coast, Ally Tate (Lubed Teen Threesome) 09.16.16
374245 Heyzo.com (0881) Mikuni Maisaki [1080p].mp4
374345 The Encyclopedia of Essential Oils (Julia Lawless)
374445 BBC Folk Awards 2014 (2CD) - VA (ALBUM 2014).zip
374545 Yolki.2.2011.x264.BDRip.1080p.mkv
374645 George Duke - Discography (1975-2010) [FLAC]
374745 -=Dia Psalma=- (6 Album)
374845 Wayward Pines S01E04 HDTV XviD-FUM[ettv]
374945 PetiteBallerinasFucked.16.06.06.Shyla.Ryder.Petite.Ballerina.Creampie.XXX.1080p.MP4-KTR
373746 Titus.1999.1080p.BluRay.X264-AMIABLE[rarbg]
373846 Kira.Sinn.Little.Asian.Ass.Spreader.LetsTryAnal.2013_iyutero.com.wmv
373946 Moj_luchshij_ljubovnik_[tfile.ru].mkv
374046 New.Girl.S06E04.1080p.WEB-DL.DD5.1.H.264-DivXCentral.mkv
374146 Jay Rock - 90059 (2015) [320 kbps]
374246 Destiny Dixon and Capri Cavanni warm up by the fire
374346 Fantasticheskaya.Chetverka.2015.TRIPLE.BDRip.x264.-HELLYWOOD.mkv
374446 Los Goldberg 3x04 HDiTunes www.DESCARGASMIX.com.avi
374546 AmateurAllure - Gianna Nicole And Sabrina Banks - Pre Auditions Forty-Two  NEW (August 22, 2014) NEW.wmv
374646 www.torrenting.com - Finding.Prince.Charming.S01E07.A.Family.Affair.PDTV.x264-[NY2] -
374746 Den.NezaViSimosTi.2.2016.D.WEBRip.1080p.mkv
374846 Truffaldino iz Bergamo
374946 Rüdiger Gleisberg 1993  ‎– Baktun
373747 Lynda - Building Solutions Using Excel 2013 and Access 2013 Together
373847 Chlopiec w pasia
373947 God_Eater_[08]_[AniLibria_tv].mkv
374047 Искатели приключений.1967.BDRip
374147 Э.Рудник -Малефисента
374247 61_8_2_19_121_wind.exe
374347 2010 - V-Series - Collection EP [BCD-2010-090] WEB
374447 Narcos - Temporada 2 [HDTV][Cap.203][Español]
374547 www.TamilMV.Me - Mudinja Ivana Pudi (2016) [HDRip - 400MB - x264 - MP3].mkv
374647 Between_the_Worlds_III_ENG.exe
374747 X-Men.Apocalypse.2016.1080p.BluRay.x264.DTS-FGT
374847 [AniStar.me] Ajin 2 - 05 [720].mkv
374947 Suor.Emanuelle_1977.avi
373748 SONAR 8.5 Setup Files.rar
373848 【ses23.com】h0930_ori1215
373948 Miley Cyrus - Breakout [Full Album 2008]
374048 Peaky Blinders S03
374148 Visual studio 2013 ultimate
374248 [La'cryma][151028]奥 華子 - プリズム~通常盤~[Itunes AAC]
374348 HOUSE.TEMPORADA.6.CAP.1-8.BY.JKRILIN
374448 3DMGAME-Dead.or.Alive.5.Last.Round.Update.10(v1.06.H).and.Crack-3DM
374548 Mac.OSX.Lion.10.7.2-ADDiCT
374648 Papa_no_Sagashimono_v01-03e.rar
374748 lasaintebibletex06fill
374848 03. Тайная история разведки. Соло для одиноких сов. Мария Будберг_2011_SATRip_by_Серый1779.avi
374948 The.Walking.Dead.3x07.HDTV.XviD.[www.DivxTotaL.com].avi
373649 Longman_Press_Fce_Gold_Teacher_Book.pdf
373749 AI.Artificial.Intelligence.2001.720p.BluRay.x264-AVS720 [PublicHD].mkv
373849 920_WP_Cindy_.mp4
373949 Da.Vincis.Demons.Season.02.720p.HDTV.x264-Zamunda.NET
374049 0.mp4
374149 SW445.mp4
374249 PANDORA_RU.rar
374349 Лурия А.Р. - Природа человеческих конфликтов (Классики психологии)- 2002.djvu
374449 Akino Chihiro (41) 1pondo 012616_233-U.mp4
374549 Долгополов Н.М. - Абель-Фишер (Жизнь замечательных людей) - 2011
374649 1998 - МИША ША!-2 ТРЕТИЙ ГЛАЗ(ОТМОРОЖЕННАЯ)
374749 Game.of.thrones.S06.HDTVRip.Fox
374849 WorldisFlat
373650 粤语经典-琼花仙子
373750 Братство Порога
373850 Podvodnye_lodki_Ego_Velichestva
373950 [1994] Poduene Blus Bend - Neka Bude Svetlina @320
374050 True.Blood.S04.DVDRip.XviD-TRONDi
374150 tinyminer-eve-online-mining-bot-5.5
374250 Carrapicho
374350 Grimm.S01-04
374450 NOW Thats What I Call 21st Century
374550 Love Bitch - Yasashii Onna
374650 Tales from the Borderlands 1-5 [R.G. Mechanics]
374750 [Polskie-Torrenty.com] Porwanie Heinekena (2015) [Lektor PL]
374850 Palach_[tfile.ru].avi
373651 Pac Man World Rally [MULTI5][PS2DVD][WwW.GamesTorrents.CoM]
373751 vragi_razuma_[tfile.ru]
373851 222 George Duke Seminar - Keyboard Vocal Accompaniment (Level 1).MPG
373951 5161 Mommy gives you an extra special blowjob.mp4
374051 Brunette Ashley sucking Mandingo big black cock (RISHI).mp4
374151 The Range - Potential (2016)(320)
374251 TheLisaAnn.15.02.12.Lisa.Ann.Handling.Two.XXX.INTERNAL.SD.MP4-RARBG
374351 Jasmine Jae (Wife in stockings swallows cock) Cocaine.mp4
374451 A.Lenda.de.Tarzan.BDRip.XviD.Dual.Audio
374551 01 - Harry Potter and the Philosopher's Stone.iso
374651 2009_Liverpool-Arsenal_720p
374751 Pod.Prikritie.S05E05.HDTV.1080i.x264.MP2.AC3-SiSO.ts
374851 Criminal (2016) 720p BluRay x264 [Dual-Audio][English DD 5.1+Hindi DD 5.1] - Mafiaking - M2Tv
373652 New_Grammar_Practice_(Pre-intermediate_with_key).iso
373752 The.Mooring.2012.L1.DVDRip.avi
373852 Miranda E.R. - Computer Sound Design. Synthesis techniques and programming (Music Technology Series) - 2002.pdf
373952 David Gilmour - Studio Discography (1978 - 2015) BBM-FLAC
374052 Я Робот.2004.3D.x264.BDRip.1080p.HOU.3DRip.by.Kinozal.mkv
374152 [HorribleSubs] Tsukiuta. The Animation - 12 [720p].mkv
374252 [ www.Cpasbien.pw ] Gotham.S01E15.FASTSUB.VOSTFR.HDTV.XviD-ATN.avi
374352 БРАТУБРАТ – Восьмёрка (2015)
374452 Burning Blue (2013) K_I.mkv
374552 Cock Sparrer - Shock Troops - Running Riot in '84 (1993)
374652 the.simpsons.2417.hdtv-lol.mp4
374752 Esto es la guerra (DVDScreener) (EliteTorrent.net).avi
374852 Ot_vinta_-_Dupotryaska
373653 [www.Cpasbien.me] Real.Humans.S01E10[FIN].TRUEFRENCH.DVDrip[DivX.AC3]
373753 Kano - 140 Grime St - 2008
373853 Extremoduro-Material_Defectuoso-2011-WwW.DivxTotal.CoM.rar
373953 Resolume Avenue 4.6.1 Multilingual + Keygen [SadeemPC]
374053 МЧС II работа на дому.avi
374153 [NaughtyBookworms] Whitney Westgate -={SPARROW}=-
374253 Cutie Spankee - Spanked Before Guest
374353 Mumble
374453 [ENFD-5211] Mikie Hara 原幹惠 – セレブと貧乏 ~  Celebrity to Poverty
374553 Uncensored Manga Vol. 41
374653 Pomni_menya_2010_BDRip_by_Dalemake.avi
374753 The.Exes.S04E01.720p.HDTV.x264-KILLERS[rarbg]
374853 Body for Life 12 Weeks to Mental and Physical Strengths
373654 [WoodmanCastingX] Monique Woods hardcore (15.08.16) (540p).mp4
373754 [HorribleSubs] Tokyo Ghoul Root A - 03 [720p].mkv
373854 S6 American Crime Stories
373954 VA - Shangri La (Goa Trance Compilation) (1995)
374054 슬램덩크 완전판.zip
374154 Bonnie Tyler - 2016 - The Magic Of Bonnie Tyler [FLAC]
374254 HardX - Natasha Nice - Naturally Stacked - All Anal 720p HD HEVC.mp4
374354 4linux
374454 Tachki.2006.DUAL.BDRip.XviD.AC3.-HELLYWOOD
374554 Dirt Showdown [RePack]
374654 Универ. Новая общага - 11 (WEB-DLRip 720p)
374754 Большой детский хор Центрального телевидения и Всесоюзного радио
374854 [R.G. Mechanics] Grand Theft Auto V
373655 Кукловод_2010_BDRip.avi
373755 assassins-creed-2
373855 Jonathan Strahan - Engineering Infinity (Anthology)
373955 Prison Architect 1.0u3 [Salat-Production].exe
374055 The.Wind.Rises.2013.1080p.BluRay.x264-PSYCHD[rarbg]
374155 Shingeki no Kyojin
374255 Outcast.S01.1080p.WEB-DL.H.264-FOX
374355 The.Vampire.Diaries.S07E10.720p.ColdFilm.Ru.mkv
374455 Фрай. Я иду искать.fb2
374555 Sherrybaby (2006) [1080p]
374655 AfterEffects.rar
374755 Legends of Tommorow. Season 1 (HDTVRip l 720p l Jaskier)
374855 [Nipponsei] Chihayafuru 2 OP Single - STAR [99RadioService].zip
373656 Gunnar Staalesen - 2000 - Bok 3av3 - 1999. Aftensang - Norsk lydbok
373756 School Days
373856 ZEN-DUN.1080i.03.11.2016-Nikolay_-_-.ts
373956 Johns Hopkins Medicine Patients Guide to Ovarian Cancer [PDF] [UnitedVRG].pdf
374056 N64 Roms
374156 John Deer Powertech 4.5 6.8 Diesel Engine Workshop Manual 2004.pdf
374256 GTA SA EE 11
374356 Hungry.For.Change.2012.DVDRip.XViD-MULTiPLY
374456 Wondershare_MobileTrans_4.2.0.Keygen.tPORt
374556 Eureka_s05_LostFilm_[tfile.ru]
374656 [직접] 이쁜 고딩 이거 버면 뻑감 ㅋㅋㅋ.avi
374756 Il grande Lebowski 1998
374856 FSET-515
373657 Insidious.Chapter.3.2015.RETAiL.DVDRip.HUN.Xvid-TERACOD
373757 Avast Premier Antivirus 11.1.2245 [2016] Final + Keys (2016)
373857 survivor.s28e07.hdtv.x264-w4f.mp4
373957 Caça-Fantasmas (2016) Blu-Ray 1080p Dublado - WWW.DTORRENT.COM.BR
374057 Divorce S02E11 DvdRip NL - BBT.mp4
374157 Lenin.Red.Imperator.AVC.MegaPeer
374257 The Blacklist - Temporada 1 [HDTV][Cap.114][Español Castellano]
374357 Светлов Г. - Методика общения со Свидетелями Иеговы - 2011.pdf
374457 Afganskij izlom 1991 DVDRip-AVC.mkv
374557 Народный Рок-сборник (2016) MP3
374657 Grey, Zane - El caballo de hierro [20433] (r1.0).epub
374757 MLB.2015.WS.New.York.Mets@Kansas.City.Royals
374857 Mrs.Browns.Boys.D.Movie.2014.BRRip.x264.Ac3-HUD
373658 No.Strings.Attached.2011.SLOSubs.BRRip.XviD.AC3-SANTi
373758 [FileTracker.pl]Arrow S04E16[wilu75]
373858 Stronghold Crusader 2 by xatab.rar
373958 Nintendo DS 4801 - 4900
374058 The.Simpsons.S28E04.720p.HDTV.2CH.x265.HEVC-PSA.mkv
374158 Sister 娛樂圈之姐妹 [中文字幕]
374258 Los.Desenterrados.De.Le.Treport.1x02.HDTV.XviD.[www.DivxTotaL.com].avi
374358 David Correy Ft. Kite Status - Want Some.mp3
374458 LeluLove.11.04.21.Anal.Training.Returns.XXX.WMV-TBP[rarbg]
374558 Vir.i.Zara.2004.RUS.BDRip.XviD.AC3.-HQCLUB.avi
374658 [FirstBGG] Doroty C, Brianna (Horny Flatmates - 25.04.16) (405p).mp4
374758 Mercenary.Absolution.2015.xixidok.HDRip.1400.ExKinoRay.avi
374858 Nando Reis - Drês (2009)
373659 Sultan 2016 HIN DvDScr 975 MB - iExTV
373759 Farewells.avi
373859 Джо Холдеман
373959 Agatha.Raisin.The.Quiche.Of.Death.740.avi
374059 [HorribleSubs] Ixion Saga DT - 16 [1080p].mkv
374159 Winrar full Cracked V 10.4.5.exe
374259 Beyonce -- Super Bowl Halftime Show.2013
374359 Tainstvennaja.strast.05.SATRip.[www.riperam.org].avi
374459 Mafia 2
374559 ro_office_language_pack_2010_x64_dvd_551894.iso
374659 RCT410.avi
374759 Oni.prodajut.dazhe.dozhd.2010.L2.HDRip.1400MB.UNIONGANG.avi
374859 [ www.Speed.Cd ] - The.Apprentice.S12E06.HDTV.x264-BAJSKORV
373660 Eric Sardinas & Big Motor - Boomerang (2014)
373760 Liga.da.Justica.Deuses.e.Monstros.2015.BDRip.XviD.DUAL-GHROULS
373860 Captain.America.Civil.War.2016.BDRip.720p.ExKinoRay.mkv_480p_800x334.mp4
373960 Benvista PhotoZoom Pro 6.0.4
374060 Shag.vper3d.5.2014.D.WEB-DLRip.avi
374160 L'onore e il rispetto - 4x01 - Canale 5 HD - 01-09-2015.avi
374260 Raging Angels_RG_All_Films.avi
374360 Samilety.2013.D.HDRip.avi
374460 Kamisama no Memochou [BD] [720]
374560 鋼の錬金術師の魅力～大錬成スペシャル～(MBS [090403]).ts
374660 (CR34) [EINSATZ GRUPPE (Charlie Nishinaka)] P2 PRISONER-2 CASE of ARASHI (Gad Guard) [English]
374760 Public Penetration 2015 XXX WEB-DL SPLIT SCENES
374860 PG_2015
373661 Igy.keszult.A.Birodalom.visszavag.Custom.HUN.DVDRip.XviD
373761 [Relaxxxed] Katy Rose (12.11.2016) rq.mp4
373861 Stardew Valley (2.1.0.3) (GOG)
373961 Dark.Matter.1x11.HDTV.XviD.[www.DivxTotaL.com].avi
374061 Hawkeye_vs._Deadpool_000_(2014)_(Digital)_(Mephisto-Empire).cbr
374161 Pearl Jam Bootleg 1996-10-04 Memorial Stadium, Charlotte, NC, USA [pjsho.ws]
374261 ihwkrissylynnjohnny_720.mp4
374361 Room.237.2012.1080p.WEB-DL.H264-PTP [PublicHD]
374461 FileZilla_3.3.4_[tfile.ru].exe
374561 75-1.mpg
374661 HMM4-Excalibur.rar
374761 IGG-Wreckfest.Build.20.04.2016.zip
374861 Barely.Legal.Babysitters.Mya.Mason
373662 The Economist - August 16 2014.pdf
373762 Bedroom(2012) Bengali Movie
373862 Deep Purple - Shades of Deep Purple (UK)
373962 [Asenshi-GJM] Rewrite - 13 [9D8DEBEB].mkv
374062 1987 Edith Piaf - The Very Best Of [192 kbps]
374162 [S Parameter] Tozasareshi Basho, Cagalli (Gundam Seed) (English translated).zip
374262 Capitan America El Primer Vengador [DVDRip][Xvid][Castellano][SpaTaquilla.com].avi
374362 Djorde Balasevic_ Mater vetru_DVDRip
374462 Elsiane - Remix Contest Powered by Sennheiser (2013)
374562 [Wicked] Veronica Avluv [Divorcees] [720p] [PornLeech] [.mp4]
374662 pacopacomama-112214_293-FHD
374762 บทเรียน สอนเขียน PHP 7
374862 Moby
373663 Fable.The.Lost.Chapters.Repack-R.G.Mechanics
373763 THE WINERY DOGS - Hot Streak (2015)
373863 Watch the Throne Deluxe [320kbps] (iTunes Rip) - zeMedia
373963 Robert Crumb - Hup (Restored)
374063 [a99909][sex8.cc]乒乓球大战，日本人的玩法
374163 만년후.최후의.전쟁.mkv
374263 일밤 1부 복면가왕.E10.150607.HDTV.H264.720p-WITH.mp4
374363 Алексей Пехов - Летос
374463 mwhfbrianacharles_2k.wmv
374563 ChampionsLeague.2015-2016.Round.of.16.First.leg.Roma-Real.Madrid.HDTVRip.720p.mkv
374663 [Anal-Beauty] Jessica Lincoln (Lovers enjoy hard morning sex - 13.11.2016) rq.mp4
374763 Professor Green - Read All About It (ft. Emeli Sande){MP3+MP4}[VX]
374863 Ben Booker - Live to Fail Workout Program
373664 The.Boy.(480p).(pk).m4v
373764 CBT Nuggets F5 BIG-IP Local Traffic Manager
373864 VA - Sunset Lounge (2012) 2CD
373964 Hotel.Impossible.S04E06.480p.HDTV.x264-mSD.[P2PDL]
374064 ham_addison_tory_vera_bb010716_480p_2000.mp4
374164 Voroniny.(16.serija).2010.XviD.SATRip.avi
374264 Laskovy may Starye pesni v novom zvuchanii 2011
374364 Doctor Who - Temp.6 [HDTV][Cap.612][Spanish]
374464 Scandal.2012.4X03.In.Prima.Linea.ITA.ENG.720p.WEB-DLMux.H.264-iGM.GiuseppeTnT.mkv
374564 Минус один (WEB-DLRip)
374664 Svingery_GL
374764 Kerrigan Byrne - Unleashed
374864 Aravt-The.Ten.Soldiers.of.Chinggis.Khaan.(DVDRip).Trivor.avi
373665 Lehrbuch4.pdf
373765 Canada.Over.the.Edge.Season4.01of13.Baffin.Island.North.HDTV.x264.720p.AC3.MVGroup.org.mkv
373865 Greys.Anatomy.S12E08.FRENCH.LD.WEB-DL.XviD-ZT.www.torrent9.ws.avi
373965 夜寂星空@w.m6co.net@小日本的性游戏（中文字幕）.avi.bc!
374065 GLAY - Bible.rar
374165 Lolawolf - Lolawolf EP (2014)
374265 Mount & Blade Warband Viking Conquest.iso
374365 Ultimo.Exorcismo.2.BRSC-byjerobien.avi
374465 Robyn Carr-Bring Me Home For Christmas
374565 Skyler Nicole - Big Black Anal Ass_sd.avi
374665 Ekipazh_2012_HDRip_dub_r5_[scarabey.org].avi
374765 Cheap Trick - Bang Zoom Crazy... Hello - 2016 (FLAC)
374865 MintRosa Yandex byOleg
373666 Varg.Veum.Din.Til.Doden.2008.BRRip.XviD-WAR
373766 Sled.1464.avi
373866 Feel Good
373966 Versalskiy_roman_2014_AVC_WEB-DLRip_[scarabey.org].mkv
374066 Стеценко А.Н. - Хрестоматия по старославянскому языку - 1984.pdf
374166 [後藤晶] こどもの時間 全3巻.torrent.zip
374266 MrBurnsPreggoPack2009.rar
374366 Escape Plan 2013 720p HDRip 6CH AC3 HQ x264-SSDD
374466 Jay Dee a.k.a. Хазей - Дискография (2002-2008)
374566 Чужой против хищника [UNRATED] (2004) BDRip.avi
374666 ap12694_800.mp4
374766 [Glue] Ooya-san wa Shishunki! (BD 720p)
374866 The Walking Dead S07E01 2016 HDTV x264 - CtrlHD
373667 Identidade Trocada [www.baixarfilmesdubladosviatorrent.blogspot.com.br]
373767 Body Language How To Read Others Thoughts By Their Gestures
373867 MARIA VIDAL 1987 - self-tittle (Pop-rock AOR)
373967 SUSKUNLAR 12.avi
374067 The Couch Trip.avi
374167 Strike.Back.S04E09.HDTV.x264-2HD
374267 Star.vs.the.Forces.of.Evil.S02E11.720p.HDTV.x264-W4F[rarbg]
374367 Horny Pornstar Naomi Russell Gets Tight Holes Drilled.mp4
374467 CrossFTP Enterprise 1.97.7
374567 Доктор Эмили Оуэнс
374667 Ерошина - Как писать продающие тексты_ свод правил для копирайтера (2013)
374767 SubSpaceland - 1050 - Pool Of Desire.wmv
374867 [コボシノニワ] 家畜レベル 子作り爆乳リリカルな○は (魔法少女リリカルなのはStrikerS)【哈尼喵汉化组】.zip
373668 Atomic Alarm Clock v5.8 + Serial
373768 fistingflics.com-001667.mpg 05.12
373868 The.Last.Alaskans.S02E08.Fire.and.Ice.720p.HDTV.x264-DHD[rarbg]
373968 NAKED YOGA HD incezt.net.avi
374068 Cornelis Vreeswijk - B鋝ta
374168 www.TamilMV.NET_-The Conjuring 2 (2016) HD-TS MultiAudios [Tamil+Eng+Hin] [Clear Audios] [TMV RULER] [TamilMV].mkv
374268 Batman v. Superman El amanecer de la justicia (2016) (V. Extendida) [HDrip-XviD-AC3][Castellano]
374368 Young Terrorists 001 (2015) (digital) (Minutemen-Ogie).cbz
374468 Chernobyl diaries - La mutazione mp3.avi
374568 21 Naturals - Athina - Feet Treatment  NEW 21NATURALS  July 26, 2014) NEW.mp4
374668 Unfriended.2015.RETAiL.DVDRip.HUN.Xvid-TERACOD
374768 SpyTug.14.12.17.Girl.17.XXX.1080p.MP4-KTR
374868 Maktub
373669 Jessica Jaymes and Zoey Holloway let their tongues go loose
373769 VA - Pote 1 (2016)
373869 Boris Godunov
373969 Victor.Frankenstein.2015.BluRay.720p.DD5.1.x264.mkv
374069 【ses23.com】heydouga4045-430
374169 Docteur Justice
374269 Maroon 5 - Overexposed  george.ortha@ferialaw.com,Feria,Tantoco,Robeniol,Law,Offices,09228750275,09209517019,orcullo,ii,tanya,cabbab,enzo,gio,iana
374369 Mas alla de la duda[DVDrip][AC3 5.1 Spanish][www.lokotorrents.com]
374469 Mustapha El Atrassi - La Cigale Vous Appartient 2012 FRENCH XviD-AMG.avi
374569 VA - Singles (August 18, 16)
374669 Aktrisa_1.46_by_max1wq.avi
374769 [DVDISO][IV] 秋沢美奈 - プチディーバ
374869 Baby Einstein
373670 ReGet
373770 Nude Prank #23 [Графика]
373870 Jenergij.Novikov.Planeta.zagadok.2012.MP3.96kbps
373970 From [ WWW.TORRENTING.COM ] - Speechless.S01E06.HDTV.x264-FLEET
374070 Ya Sonra .DVDRip.ru
374170 CumPerfection.15.09.03.Jasmine.James.Sunbathing.Slut.XXX.1080p.MP4.KTR
374270 Infierno sobre ruedas - 2x05 (EliteTorrent.net).avi
374370 (成年コミック) [水月林太郎] 肛姦劣情.zip
374470 PASSWORD REMOVE SOFTWARE - Windows Password Remover v7.0 [h33t] [maxuploader]
374570 Судовая  электроника - Геллер  Б.Л. - 2011.doc
374670 Soundless Wind Chime 2009
374770 Owl City - Mobile Orchestra [2015] [MP3-320KBPS] [H4CKUS] -={SPARROW}=-
374870 High School DxD Born
373671 #_DLY007
373771 Nacho Vidal Is Fucking Belladonna XXX  [DVDRiP][Pornstars][www.sexotorrent.com]
373871 The.Master.2012.DVDRiP.AC3-5.1.XviD-AXED.avi
373971 Enredados (BR-Screener) (EliteTorrent.net).avi
374071 Transformery.Epoha.Istrebleniya.2014.RUS.BDRip.XviD.AC3.-HQ-ViDEO.avi
374171 The.X.Factor.UK.S13E22.WEB-DL.x264-JIVE.mp4
374271 The Last Panthers S01 (2015) 720p BDRip (Gears Media)
374371 Deep Purple - August 7, 2015 - Battery Park - Sioux City, Iowa, USA
374471 Журнал Total Film [Россия]
374571 Fantasia 2000 (1999).mp4
374671 Pakistani_Baloch_girl.avi
374771 Uriah Heep
374871 [SUBPIG][Unfair SP Double Meaning Rensa]
373672 Ibiza Amnesia.avi
373772 892-basta-basta-5.-chast-2
373872 BaraConVista.Avi
373972 UEFA EURO 2016 FRANCE
374072 Hell.or.High.Water.2016.1080p.WEB-DL.Rus.HDCLUB.mkv
374172 Turbo [WEB-DL-720p] (www.kinokopilka.tv)
374272 [HorribleSubs] Shokugeki no Soma - 10 [720p].mkv
374372 VA-DJ Hektik - Trappin Out The Boot 4-2016-MIXFIEND
374472 이혼변호사는 연애중.E12.150524.HDTV.XviD-LIMO.avi
374572 Pink Floyd - A Momentary Lapse Of Reason [24-48][otto1961]
374672 Твой любимый дом № 8 2015.pdf
374772 Born.On.The.Fourth.Of.July.1989.720P.BRRIP.XVID.AC3-MAJESTiC
374872 ChrisPC Win Experience Index 4.30.exe
373673 AR192014.pdf
373773 (C90) [下粋道管理局 (ダテナオト)] ワシントン体制の未成艦達 八八艦隊計画シリーズ【弐】 (艦隊これくしょん -艦これ-).zip
373873 Family.Guy.S14E10.720p.HDTV.x264-KILLERS[ettv]
373973 Виктор Сонькин_Здесь был Рим.pdf
374073 The.Other.Woman.2014.SweSub.BRRip.x264-HQM
374173 !!!(Pthc Pedo) Mom & Kids - 10Yo Boy & 12Yo Girl.avi
374273 Daredevil.S01E06.WEBRip.x264-SNEAkY
374373 FTVGirls.com_13.05.18.Chloe.Foster.And.Kennedy.Leigh.Double.The.Toys.XXX.IMAGESET-PAYiSO[rarbg]
374473 Self.Less.2015.720p.WEB-DL.ShAaNiG
374573 нудисты
374673 لطائق قرانية من 1 الى 13
374773 Runtime Getdataback For Ntfs And Fat 4 32 Portable Preactivated
374873 The Private Life Of Maria Bellucci XXX [DVDRip][www.zonatorrent.com]
373674 Hush.2016.HDRip.avi
373774 에일리 - VIVID [정규]
373874 My Friend's Hot Mom 5.mkv
373974 Up in the Air (2009) [Hurtom]
374074 (同人CG集) [浪漫書店] 私達、ブラック企業で調教されちゃいました。.zip
374174 Стил К. Голодный город. Как еда определяет нашу жизнь. 2014.djvu
374274 Oxford University Press - Bookworms - stage 3 - Skyjack
374374 Marco.Polo.2014.S01E03.WEBRIP.x264-2HD[rarbg]
374474 CORELLI
374574 А.П. Чехов
374674 Teenage.Mutant.Ninja.Turtles.Out.of.the.Shadows.2016.1080p.mkv
374774 Amerika.Kommando.Vilagrendorseg.2004.HUN.DVDRiP.Xvid-Kameleon
374874 Limitless.S01E14.WEB-DL.Sub.ITA.ENG.x264-Pelle.mkv
373675 The Hobbit An Unexpected Journey 3D 1080p [Dual Audio] [English 5.1 + Hindi 5.1] Team CSA
373775 RU_WINXP_PRO.iso
373875 Sheriff of Babylon 010 (2016) (Digital) (Zone-Empire).cbr
373975 Alice on the Roof - Higher Album 2016
374075 XXX Comic - Mathilde und Gilda - BdSM Adult Porn Comic Deutsch
374175 ultimate-facebook-marketing-mastery-course
374275 Остров.mkv
374375 Stepbrother Backstage (The Hawthorne Brothers Book 3) by Colleen Masters
374475 R18319AVI
374575 taboolicious
374675 SellYourGF.13.10.11.Janna.XXX.720p.MP4-iaK[rarbg]
374775 The Invisible Stud Returns
374875 Novos Titãs 15 (2015) (Renegados - Tropa BR).cbr
373676 7RU3.D373C7IV3.S02E03
373776 Massage Therapy
373876 [ www.torrenting.com ] - Cyberwar.S01E01.720p.HEVC.x265-MeGusta
373976 Extreme Soviet Sluts 2 (2014).mkv
374076 RylskyArt.com_16.07.07.Liona.Petals.Vol.19.XXX.IMAGESET-GAGBALL[rarbg]
374176 Roccos.Power.Slave.DISC1.XXX.DVDRip.XviD-Jiggly
374276 Mahrov_Aleksej_-_Rasskazy
374376 Moumoku no Yoshinori-sensei SP 2016 720p HDTV x264 AAC-DoA.mkv
374476 2.Broke.Girls.S05E02.HDTV.x264-LOL[rarbg]
374576 VA - The.Best.Hits.80-90.(2014).[MuSi]
374676 Special BURDA
374776 Suits.S03E13.HDTV.XviD-AFG.avi
374876 Babysitting 2014 CroSubs FRENCH 720p BluRay x264 Goatlove
373677 Клуб Винкс, Тайна Затерянного королевства.mkv
373777 Now You See Me 2 (2016) BDRip 720p Rus 60fps.mkv
373877 Zena.poxoti.2009.XviD.DVDRip-Files-x.avi
373977 Star.Trek.Beyond.2016.1080p.BluRay.6CH.ShAaNiG.mkv
374077 [RedLineSP] One Piece 590 [720p] [87755DDA].mkv
374177 (成年コミック) [神楽雄隆丸] コスコススイッチ [08-09-30].zip
374277 Wild (2014) [ukr] BDRip [Hurtom].avi
374377 Vivaldi - Motezuma - Curtis
374477 Girl the Wild's
374577 Shaka Loveless - Tomgang.mp3
374677 Устинова Татьяна - На одном дыхании! [32 Кошевой 2010]
374777 Warhammer 40k - Dawn of War Collection - Torrent
374877 [Classic Sci-Fi ] The Wasp Woman (1960).avi
373678 Flight.2012.BRRip.XviD.AC3-MAGNAT
373778 59 - Murray
373878 BiP-39007 Ruckus, Tyler Rush and Rocco Steele
373978 CHEATING_HOUSEWIVES_7
374078 ORTHRELM
374178 The.Odd.Couple.2015.S02E06.HDTV.x264-LOL
374278 Хранители Мира.Последняя Надежда.Setup.exe
374378 Motylek.1973.DVDRp-Kinozal.TV.avi
374478 Arcanum.rar
374578 100.Greatest.Recordings.Collection.VA.1932-1978.MP3.320kbps - SMG
374678 exelab_videokurs_DVD_2013.iso
374778 Ogawa Michiru Thick Busty AsianAnal  Swallows 1080p
374878 TVBOXNOW 你健康嗎
373679 Rosewood - 1x22 (Final) (EliteTorrent.net).mp4
373779 Turn On The Human Calculator In You! By scott flansburg.pdf
373879 Edguy - Space Police - Defenders Of The Crown (Limited Edition) (2014)
373979 Chicago.Med.S01E18.400p.HDTV.ColdFilm.Ru.avi
374079 2007-Dave Hole - Rough Diamond
374179 Conviction.2016.S01E02.HDTV.x264-LOL[eztv].mkv
374279 VA-Deep House Collection vol.89
374379 The Wrong Mans - Temporada 1 [HDTV][Cap.103][Español Castellano]
374479 Piping and Pipeline Calculations Manual - Construction, Design Fabrication and Examination - J. Phillip Ellenberger (Elsevier-BH, 2010).pdf
374579 Tyrant.3x05.HDTV.Xvid.Mp3.[4].[SBT].avi
374679 [hunk-ch.com] NCC0012 リアルビデオチャットでレスリングで鍛えあげられた至高の筋肉エロボディ23歳大輝くん!!フェロモン全開雄の絶頂を見逃すな!!!.avi
374779 [tvN] 렛츠고 시간탐험대 3.E07.160608.HDTV.H264.720p-Tedy.mp4
374879 Kelly Osbourne - Shut Up
373680 Gothic II The Dark Saga
373780 Duologia Cazafantasmas [MicroHD][1080 px][AC3 5.1-Castellano-AC3 5.1 Ingles+Subs][ES-EN]
373880 DiRT.Rally
373980 10.26.16 - MLS Playoffs - LA.Galaxy vs Real Salt Lake.mp4
374080 qBittorrent 3.3.6 Stable Portable by PortableApps.exe
374180 Morning Parade - Collection (2010-2012)
374280 VA-DJ Jerry - Mixtape Trappers 30 (Perkin' Hard Edition)-2016-MIXFIEND
374380 Como Eu Era Antes de Você - Me Before You.WWW.AZTORRENTS.ORG
374480 Jah Khalib - Nostalgia
374580 mortal-kombat-x.exe
374680 О.С. Сороко-Цюпа, А.О. Сороко-Цюпа - Всеобщая история Новейшая история, 9 класс, 2010
374780 Гаттака.avi
374880 Барон Олшеври - Вампиры. Из семейной хроники графов Дракула-Карди (Сергей Чонишвили)
373681 Alexandre Desplat - Godzilla (2014) [FLAC]
373781 Venus In Furs
373881 Human Zoo - My Own God (2016)_[tfile.ru]
373981 20130222 h6zXtq1JW2U Translating Dance Songs
374081 Carol.2015.1080p.BluRay.x264-GECKOS
374181 Hoodwinked.Too!.Hood.vs.Evil.2011.1080p.DTS.x264-CHD
374281 poligon.avi
374381 Левченко Владислав и группа О'Кей [Lossless]
374481 Горюнов Н.А. - Домашняя птица в приусадебном хозяйстве 1978.pdf
374581 AlawarJosDreamOrganicCoffeeRus.exe
374681 (Hi10)_Date_a_Live_II_OVA_Encore_-_01_(BD_1080p)_(FedSubs)_(4D9E3839).mkv
374781 Extraction.2015.D.BDRip.1080p.mkv
374881 Farming Simulator 16 v1.1.0.5 Apk + Mod + Data
373682 Morta Skuld - 2011 - Prolong The Agony
373782 BUSTER COMIC
373882 PSP.FreeRuning.Multi5.UMDFULL.CSO249MB
373982 Prestuplenie i nakazanie (2007) (DVDRip)
374082 Let the Bullets Fly [2010] BRRip XviD - CODY
374182 Trofim45.SATRip by Alex Smit.avi
374282 Simon Kernick - Relentless
374382 Cool Stuff & How it Works [Season 1]
374482 Posledniy.Rubej.2013.D.HDRip.1400MB.avi
374582 Returner.2002.Swesub.DVDrip.Xvid.AC3-Haggebulle
374682 techsnap-0151.mp4
374782 Shef2_[tfile.ru]
374882 Why We Fight (BBC4 Storyville).avi
373683 Sade-The.Best.Of.Sade.(1994).(Flac).[MuSi]
373783 Opravdannaia.zhestokost.2005.x264.BDRip.(AVC)-MediaClub.mkv
373883 Mrs.Miracle-Una.Tata.Magica.2009.iTALiAN.LD.DVDRip.XviD-AiRED.avi
373983 2006 - Best Of Chris Isaak
374083 Crossing lines - 1x03 (EliteTorrent.net).mp4
374183 League of Gods (2016) WEB-DLRip.avi
374283 NCIS.Los.Angeles.S08E06.720p.HDTV.X264-DIMENSION[rarbg]
374383 FSUIPC v 3.93.rar
374483 MAFIA
374583 Teljes gazzal.2008.DVDRip.Xvid.HUN-BD
374683 Comedy.Woman.2015.10.30.SATRip.avi
374783 401- GH-KyleDean-SeanCostin-AlexGriffen.mp4
374883 Азбука_фрилансера_2011
373684 Ёлки - Unofficial Soundtrack (2010)
373784 80_Interior_Design_Practice.pdf
373884 Criminal.2016.HC.HDRip.XviD.AC3-EVO
373984 Крыша мира 2016 SATRip
374084 Jet Set Radio Future Soundtrack
374184 RPL2002_14Round_Spartak_vs_Zenit_RTR_[torrents.ru].avi
374284 Бердяев Н. А. - Я и мир объектов. Опыт философии одиночества и общения (1934).pdf
374384 Любовь и голуби_BDRip 1,37Gb_by Suparator [BBT].avi
374484 VA - Hits of My Soul Vol. 17 (2016) [Prepared R.V.KORSHUN and sergey26.08 for NNMClub]
374584 Drakan
374684 Leonard Cohen - I'm Your Man
374784 Amityville.Terror.2016.DVDRip.x264-SPRiNTER[PRiME]
374884 Pickard's Manual of Operative Dentistry 8th ed.pdf
373685 KLVidSOtica6.avi
373785 Chantelle Fox dominated by 3 guys & double anal SZ1406 (480).mp4
373885 Fear The Walking Dead Season 1 CasStudio.TV
373985 Red133 Artwork
374085 janewestOW4_1_hdmp4.mp4
374185 From [ WWW.TORRENTING.COM ] - The.Big.Bang.Theory.S10E07.720p.HDTV.X264-DIMENSION
374285 [HorribleSubs] Shakunetsu no Takkyuu Musume - 06 [480p].mkv
374385 Seryoga - 50 ottenkov serogo from AGRMusic (2014) MP3, 320 kbps
374485 RealExGirlfriends.11.11.30.Sensi.Pearl.Dirty.Whore.Cheating.Sensi.XXX.720p.WMV-KTR
374585 Exitos A Go Go - 60's teen beat south of the border (aip records)
374685 Quarry (Season 01) HDAVC
374785 Veselo.mi.jivem.1938.XviD.DVDRip.Jonas.Films.avi
374885 The House of Apples and Eyeballs
373686 [orz] SHOW BY ROCK!! 11 [B8C84B17].mkv
373786 Большой зверь
373886 Смерть вторая!.mp4
373986 The Walking Dead - The Complete Season 2 [DVDRip]-PFa
374086 Гудлиф Питер - Ремесло программиста. Практика написания хорошего кода - 2009.pdf
374186 Ходячие мертвецы
374286 Espanyol - Real Madrid 18.09.16.mkv
374386 Morgan Freeman - Science Show - S04E09-10 iTa [Finale Di Stagione]
374486  Cola Pepsi War Shooter Free Flash Game 2016  - - .
374586 Girlfriends.Guide.to.Divorce.S02E10.WEBRip.XviD-FUM[ettv]
374686 TMHK025.avi
374786 David Deida - It's A Guy Thing  An Owner's Manual for Women
374886 Sin.Tetas.No.Hay.Paraiso.3x06.DVB.XviD.www.DivxTotaL.com].avi
373687 2015-10-30 Catalina - Catch You (x197)
373787 Halcyon.s01e08.HD720p.WEBRip.Rus.Eng.BaibaKo.tv.mkv
373887 Playing.House.S02E02.HDTV.x264-ASAP[rarbg]
373987 ZipHot.Org-Shonen Jump 2016-49.rar
374087 [DeadFish] Hakuoki Reimeiroku - 02 [720p][MP4][AAC].mp4
374187 ANIMAL MAN by Grant Morrison (Complete 01-26) - Demonoid
374287 47.erotas kai timoria E47.avi
374387 Somnia.2016.BDRip-AVC.720p.[pirat.ca].mkv
374487 Джон Бальдони  Золотая книга лидера. 101 способ и техники управления в любой ситуации (2015)
374587 ККХ в Храме
374687 Serial Mom (1994)[DVDRip][big_dad_e™]
374787 Los Caballeros del Zodiaco Alma de oro 1x06 HDRip 5.1 www.DESCARGASMIX.com.avi
374887 Rise Against Live at the Wireless 2009
373688 Wildes Skandinavien [BDRip-720p] (www.kinokopilka.tv)
373788 Den.Nezavisimosti.2016.L.WEBRip.1490MB[mgt].avi
373888 Ilya.Muromets.I.Solovei.Razboinik.2007.PROPER.RUS.BDRip.XviD.AC3.-HQ-ViDEO.avi
373988 Onepunchman
374088 HotLegsAndFeet.16.03.28.Brigitte.And.Aria.Logan.XXX.SD.MP4-RARBG
374188 Deacon Blue Our Town- The Greatest Hits
374288 [Meshbox] City Depths
374388 [ReinForce] Selector WIXOSS (BDRip 1920x1080 x264 FLAC)
374488 Contract.Killers.2006.XXX.PROPER.DVDRip.XviD-PLEASURE
374588 www.TamilRockers.la - Lights Out (2016)[720p HDRip - HQ Cleaned Auds Audios [Tamil + Eng] - x264 - 950MB]
374688 Private Ficktreffen 30.mp4
374788 big.brother.canada.s04e30.hdtv.x264.mp4
374888 Howard, Linda -  Prey (Abby Craden)
373689 Kimberly.Kane.Big Wet.Asses.ElegantAngel.2010.HD_iyutero.com.mp4
373789 NCIS S09E15 Secrets (subITA)-WTRG.avi
373889 308 videosigle in italiano di cartoni anni 80
373989 The.Boy.in.the.Mirror.2014.BRRip.XviD.AC3.DUAL-SiSO
374089 O Brilho da Vida 720p (2015) Dual Áudio BluRay 5.1 -- DeG
374189 understanding_karate.pdf
374289 Kate Bush
374389 VA - Ibiza Dreams Vol.1 (Finest Island Chill Out Mix)(Karma Pure [KB128]) WEB - 2016
374489 Dark Canvas3_Setup.exe
374589 (한)학교에서 몰래..소장가치 충분.asf
374689 [ www.CpasBien.cm ] Ballers.2015.S02E09.FASTSUB.VOSTFR.HDTV.XviD-ZT.avi
374789 [雪雨こん] JCマニュアル.zip
374889 Vechnite bulgarski pesni 2 - Biseri ot Strandja (2001)
373690 NeuroNation Premium
373790 EternalDesire.com_15.12.07.Lilit.A.Koro.XXX.iMAGESET-OHRLY[rarbg]
373890 Spawn.1997.Directors.Cut.BRRip.XviD.MP3-RARBG
373990 Le.Missionnaire.2009.480p.BRRip.XviD.AC3-LDK
374090 babes_gg_jelena_karinavid2_dc123012_480p_1500.mp4
374190 Verne, Jules - [Viajes extraordinarios 56] El volcan de oro (Ed. original) [33426] (r1.0).epub
374290 Mutanciones para Niños Mutantes (2016) (www.DESCARGASMIX.com)
374390 RealExGirlfriends - Boning For-The Rock - Holly Michaels
374490 VIEJITAS PERO BUENAS DEL COLECCIONISTA 3
374590 Muzhchiny._Dostigaya_maksimuma
374690 Kayla Kayden strips her pink bikini for oily fucking
374790 Sek.ter.(2011.10.14).2011.SATRip.avi
374890 2GIS - v.2.2.0
373691 BBC_Ice Age Giants_720p
373791 Dirty Ugly Toy (Unabridged).mp3
373891 [얼티메이트] [150318] TVアニメ「アルドノア・ゼロ」オリジナルサウンドトラック2 (320K)
373991 21Naturals.16.11.13.Zazie.Skymm.Morning.Glory.XXX.1080p.MP4.KTR
374091 Dream Theater - Breaking the Fourth Wall (Live from the Boston Opera House) (2014)
374191 Private.Gold.131.Swingers.Club.Prive.1.VIP.Orgy.Xvid-SWE6RUS
374291 13 Hours The Secret Soldiers of Benghazi 2016 HDRip.x264-DIMENSION
374391 Call Of Duty - Black Ops III
374491 MY.L1TTL3.P0NY.S03E01-13
374591 Larry Norman-Odds and Ends
374691 ACDC - Are You Ready-The Very Best Of (2016) 2CD MP3
374791 MyWifesHotFriend - Franceska Jaimes
374891 PGWare SuperRam 6.11.17.2014 + Keygen
373692 MyNaughtyMassage.Sophia.Fiore.mp4s.21.august.2014
373792 (成年コミック) [SHIUN] 妹以上母親未満 [2011-07-28].zip
373892 4.mp4
373992 The Voice Of Abba
374092 CHLOE sc
374192 Murcof - The Versailles Sessions - by Wiktorpl
374292 [ www.CpasBien.pw ] Orange.is.The.New.Black.S03E06.FRENCH.WEBRiP.XviD-ZT.avi
374392 Eddie.The.Eagle.2016.HDRip.KORSUB.XviD.MP3-STUTTERSHIT
374492 Garcia Saenz, Eva - El silencio de la ciudad blanca [30068] (r1.6).epub
374592 Tarzan.Dvdrip.Audio.Latino.avi
374692 Происхождение современных монархий Европы.mpg
374792 O código da inteligência
374892 Primer - Thriller Sci-Fi 2004 Eng Subs 720p [H264-mp4]
373693 Metallica-Reload
373793 The Architectural History of Venice (Art Ebook).pdf
373893 Молодёжка-2
373993 Doctor Who. (2012-2013).(T7).HDTVRip.XviD.Spanish)
374093 Poedem.poedim.(2016.04.03).SATRip.[www.riper.am].avi
374193 mgb_candi_coxx_ap071714_480p_2000.mp4
374293 Electronic Surveillance Devices - (Malestrom).pdf
374393 Farming Simulator 15 Gold Edition v1.4.2 + DLCs Mr DJ
374493 No Man's Sky_RePack by SEYTER
374593 Zombie Ninja Ghost Pirates of The SeaSky TEASER
374693 Hitomi Tanaka STAR 139
374793 www.torrenting.com - Life.Flight.S02E07.480p.x264-mSD
374893 The Prince and the 108 Demons (2014) WEB-DL x264 AC3 BGAudio-MGN
373694 Вендров_Практикум по проектированию ПО экономических ИС.pdf
373794 Shining - III - Angst, Sjalvdestruktivitetens Emissarie (2002)
373894 Султанов. Седьмой, Демон.fb2
373994 Lo que la verdad esconde (DVDRip) (EliteTorrent.net).avi
374094 Suits.S06E09.REPACK.720p.HDTV.x264-KILLERS[brassetv]
374194 She.Gives.Me.Asian.Fever.XXX.720P.WEBRIP.MP4-GUSH
374294 K Camp ft. Too Short, YG, Lil Boosie - Cut Her Off (Remix).mp3
374394 Bandyt.(Bandyta).1997.XviD.DVDRip.avi
374494 2Satsume Yomubeki Manyuaru
374594 dicter_setup
374694 Wayward.Pines.S02E06.HDTV.x264-FLEET
374794 TOAD_12
374894 Es Az Elet Megy Tovabb
373695 [FHD]GETS-010
373795 Sensual_Ibiza
373895 Портретная_живопись_HD_v1.3.apk
373995 NCIS.Los.Angeles.S07E11.HDTV.XviD-FUM[ettv]
374095 Beautiful Landscapes HD Wallpapers (Set 79)
374195 The Flash S03E02 2016 HDTV x264 - DIAMOND
374295 Corel Draw X7 [x32 x64 btis]
374395 1935952501.epub
374495 Los crimenes de Fjallbacka - Temporada 1 [HDTV][Cap.106][Español Castellano]
374595 Bob.Esponja.Dias.De.Cangreburgers.CVCD.DVDrip.[www.TodoCVCD.com].mpg
374695 ABBA-Live.At.Wembley.Arena.(2014).[MuSi]
374795 Indjuki.Nazad.v.budushhee.2013.D.DVDRip.AVC.mkv
374895 2015 - Return To Forever (KronStudioLab Int'l KSLCD 591.2, Germany)_FLAC (tracks+.cue)
373696 [FILEKING.PL] The.Numbers.Station.2013.NAPISY PL [AgusiQ]
373796 Khan (1972) Space Shanty
373896 Alexander and the Terrible, Horrible, No Good, Very Bad Day (2014) CAM H264 AAC 720p Spanish - iMP3RiAL.mkv
373996 Shameless.s03.hdrip.dexter_lex
374096 Axwell – Nothing But Love (ATOM Remix).mp3
374196 Memoria  (August 30, 2013)
374296 VueScan Pro v9.5.50 Setup + Crack & Keygen
374396 Bad.Santa.2.2016.1080p.BluRay.x264-AC3.JYK
374496 天堂执法者.Hawaii.Five-0.2010.S07E06.中英字幕.HDTVrip.1024X576.mp4
374596 Major.Lazer.S01E06.The.Legend.of.Spooky.Dookie.1080p.WEB-DL.DD5.1.H.264-iT00NZ[rarbg]
374696 Dark Romance The Swan Sonata CE Rus.exe
374796 Dom.2.den.4569.SATRip
374896 DuckTales Remastered [MULTI6][PCDVD][RELOADED][WwW.GamesTorrents.CoM]
373697 TheTrainingofO.15.11.06.Amarna.Miller.XXX.720p.MP4-KTR
373797 Эскадренные броненосцы типа Бородино. Герои Цусимы.pdf
373897 Castle.S07E22.Dead.From.New.York.1080p.WEBRip-ULTOR
373997 Virtual DJ v7.4 PRO + Crack [ChattChitto RG]
374097 Jessica.Jones.1x10.HDTV.Xvid.Mp3.[4].[SBT].avi
374197 Hall 2006 Ejercicio Terapeutico Recuperacion Funcional.pdf
374297 Косинова Е. М. - Учимся правильно говорить (Говорим правильно) - 2008.pdf
374397 Game.Of.Thrones.Season.1-4.Complete.720p.x264.Arabic-sub
374497 Brasserie Valentijn.2016.DVDRip.Volledige.Film
374597 Juicy Wiggle.mp3
374697 Arrow.S05E06.HDTV.Subtitulado.Esp.SC.avi
374797 Robert Trivers - The Logic of Lying [Kindle azw3]
374897 Dragon Pink
373698 T2.SkyNet.Edition_1992_HDRip__[scarabey.org].avi
373798 Photo Stamp Remover 8.3
373898 Test Drive Unlimited Gold [R.G. Механики]
373998 SetupKKND
374098 White.Collar.S01E09.Bad.Judgment.BDRip.XviD.BGAUDiO-SiSO.avi
374198 [OCN] 닥터 프로스트.E10.END.150201.HDTV.XviD-WITH.avi
374298 Amici Miei - Atto III (Nanni Loy - 1985)
374398 세상의 모든 법칙.E58.161027.720p-NEXT.mp4
374498 Голден. Сыны анархии. Братва
374598 La Malediction du Pharaon - A la Recherche de Nefertiti.rar
374698 Real Writing 3
374798 Imagine Dragons - Demons.mp3
374898 Once.Upon.a.Time.s04e18.WEBDLRip.NewStudio.TV.avi
373699 How to Become a Copywriting Stud(nirmaal.adsl@gmail.com).pdf
373799 ihwrilynnjohnny_mobile.mp4
373899 So Fickt Deutschland.avi
373999 Nikkis erotic Anal -21EroticAnal-21Naturals-21Sextury.mp4
374099 Person.of.Interest.S05E10.720p.HDTV.2CH.x265.HEVC-PSA.mkv
374199 Cassie (The Coven's Grove Chronicles Book 3) by Virginia Hunter.epub
374299 Skillet - Rise (Deluxe Edition) 2013
374399 Krepkiy_oreshek_2_HDRip_[rutracker.org]_by_Scarabey.avi
374499 TVD.FMRTE.v.13.3.3.62
374599 [최신작] 어렵게 구한 대박작품..스샷얼굴.몸매부터 확인하세요!!.avi
374699 Крик в общаге.3gp
374799 [UraharaShop] Rockman.EXE Axess 01-51 END [DVD&D-TX 640x480 x264 AAC]
374899 An_Unnatural_Act_DVDRip_1984.mp4
